\BOOKMARK [0][-]{chapter*.1}{\376\377\000D\000E\000C\000L\000A\000R\000A\000T\000I\000O\000N}{}% 1
\BOOKMARK [0][-]{chapter*.2}{\376\377\000A\000P\000P\000R\000O\000V\000A\000L}{}% 2
\BOOKMARK [0][-]{chapter*.3}{\376\377\000C\000O\000P\000Y\000R\000I\000G\000H\000T}{}% 3
\BOOKMARK [0][-]{chapter*.4}{\376\377\000A\000B\000S\000T\000R\000A\000C\000T}{}% 4
\BOOKMARK [0][-]{chapter*.5}{\376\377\000A\000C\000K\000N\000O\000W\000L\000E\000D\000G\000E\000M\000E\000N\000T\000S}{}% 5
\BOOKMARK [0][-]{chapter*.5}{\376\377\000L\000I\000S\000T\000\040\000O\000F\000\040\000F\000I\000G\000U\000R\000E\000S}{}% 6
\BOOKMARK [0][-]{chapter*.5}{\376\377\000L\000I\000S\000T\000\040\000O\000F\000\040\000T\000A\000B\000L\000E\000S}{}% 7
\BOOKMARK [0][-]{chapter*.6}{\376\377\000A\000B\000B\000R\000E\000V\000I\000A\000T\000I\000O\000N\000S}{}% 8
\BOOKMARK [0][-]{chapter.1}{\376\377\000I\000N\000T\000R\000O\000D\000U\000C\000T\000I\000O\000N}{}% 9
\BOOKMARK [1][-]{section.1.1}{\376\377\000B\000a\000c\000k\000g\000r\000o\000u\000n\000d}{chapter.1}% 10
\BOOKMARK [1][-]{section.1.2}{\376\377\000P\000r\000o\000b\000l\000e\000m\000\040\000S\000t\000a\000t\000e\000m\000e\000n\000t}{chapter.1}% 11
\BOOKMARK [1][-]{section.1.3}{\376\377\000O\000b\000j\000e\000c\000t\000i\000v\000e\000s}{chapter.1}% 12
\BOOKMARK [2][-]{subsection.1.3.1}{\376\377\000G\000e\000n\000e\000r\000a\000l\000\040\000O\000b\000j\000e\000c\000t\000i\000v\000e\000s}{section.1.3}% 13
\BOOKMARK [2][-]{subsection.1.3.2}{\376\377\000S\000p\000e\000c\000i\000f\000i\000c\000\040\000O\000b\000j\000e\000c\000t\000i\000v\000e\000s}{section.1.3}% 14
\BOOKMARK [1][-]{section.1.4}{\376\377\000R\000a\000t\000i\000o\000n\000a\000l\000e}{chapter.1}% 15
\BOOKMARK [1][-]{section.1.5}{\376\377\000S\000c\000o\000p\000e}{chapter.1}% 16
\BOOKMARK [1][-]{section.1.6}{\376\377\000L\000i\000m\000i\000t\000a\000t\000i\000o\000n\000s}{chapter.1}% 17
\BOOKMARK [1][-]{section.1.7}{\376\377\000O\000u\000t\000l\000i\000n\000e\000\040\000o\000f\000\040\000t\000h\000e\000\040\000R\000e\000p\000o\000r\000t}{chapter.1}% 18
\BOOKMARK [0][-]{chapter.2}{\376\377\000L\000I\000T\000E\000R\000A\000T\000U\000R\000E\000\040\000R\000E\000V\000I\000E\000W}{}% 19
\BOOKMARK [1][-]{section.2.1}{\376\377\000R\000e\000v\000i\000e\000w\000\040\000o\000f\000\040\000R\000e\000l\000a\000t\000e\000d\000\040\000T\000h\000e\000o\000r\000y}{chapter.2}% 20
\BOOKMARK [1][-]{section.2.2}{\376\377\000R\000e\000v\000i\000e\000w\000\040\000o\000f\000\040\000R\000e\000l\000a\000t\000e\000d\000\040\000W\000o\000r\000k\000s}{chapter.2}% 21
\BOOKMARK [1][-]{section.2.3}{\376\377\000G\000a\000p\000\040\000a\000n\000a\000l\000y\000s\000i\000s\000\050\000i\000f\000\040\000r\000e\000q\000u\000i\000r\000e\000d\000\051}{chapter.2}% 22
\BOOKMARK [0][-]{chapter.3}{\376\377\000M\000E\000T\000H\000O\000D\000O\000L\000O\000G\000Y}{}% 23
\BOOKMARK [1][-]{section.3.1}{\376\377\000P\000r\000o\000j\000e\000c\000t\000\040\000a\000p\000p\000r\000o\000a\000c\000h}{chapter.3}% 24
\BOOKMARK [1][-]{section.3.2}{\376\377\000S\000y\000s\000t\000e\000m\000\040\000A\000r\000c\000h\000i\000t\000e\000c\000t\000u\000r\000e}{chapter.3}% 25
\BOOKMARK [1][-]{section.3.3}{\376\377\000S\000y\000s\000t\000e\000m\000\040\000D\000e\000s\000i\000g\000n\000/\000M\000o\000d\000u\000l\000e\000s\000\040\000\050\000U\000I\000\040\000m\000o\000d\000u\000l\000e\000,\000\040\000b\000a\000c\000k\000e\000n\000d\000\040\000l\000o\000g\000i\000c\000,\000\040\000d\000a\000t\000a\000b\000a\000s\000e\000,\000\040\000A\000P\000I\000s\000,\000\040\000e\000t\000c\000\051}{chapter.3}% 26
\BOOKMARK [1][-]{section.3.4}{\376\377\000T\000e\000c\000h\000n\000o\000l\000o\000g\000y\000\040\000S\000t\000a\000c\000k\000\040\000\050\000l\000a\000n\000g\000u\000a\000g\000e\000s\000,\000\040\000f\000r\000a\000m\000e\000w\000o\000r\000k\000s\000,\000\040\000t\000o\000o\000l\000s\000,\000\040\000e\000t\000c\000\051}{chapter.3}% 27
\BOOKMARK [1][-]{section.3.5}{\376\377\000D\000e\000v\000e\000l\000o\000p\000m\000e\000n\000t\000\040\000M\000e\000t\000h\000o\000d\000o\000l\000o\000g\000y\000\040\000\050\000a\000g\000i\000l\000e\000/\000w\000a\000t\000e\000r\000f\000a\000l\000l\000/\000i\000t\000e\000r\000a\000t\000i\000v\000e\000\040\000o\000r\000\040\000s\000u\000i\000t\000a\000b\000l\000e\000\040\000o\000n\000e\000\051}{chapter.3}% 28
\BOOKMARK [1][-]{section.3.6}{\376\377\000D\000a\000t\000a\000\040\000H\000a\000n\000d\000l\000i\000n\000g\000\040\000\050\000i\000n\000p\000u\000t\000,\000\040\000s\000t\000o\000r\000a\000g\000e\000,\000\040\000p\000r\000o\000c\000e\000s\000s\000i\000n\000g\000\051}{chapter.3}% 29
\BOOKMARK [1][-]{section.3.7}{\376\377\000T\000e\000s\000t\000i\000n\000g\000\040\000a\000n\000d\000\040\000V\000a\000l\000i\000d\000a\000t\000i\000o\000n\000\040\000\050\000u\000n\000i\000t\000\040\000t\000e\000s\000t\000i\000n\000g\000,\000\040\000i\000n\000t\000e\000g\000r\000a\000t\000i\000o\000n\000\040\000t\000e\000s\000t\000i\000n\000g\000,\000\040\000u\000s\000e\000r\000\040\000t\000e\000s\000t\000i\000n\000g\000\051}{chapter.3}% 30
\BOOKMARK [1][-]{section.3.8}{\376\377\000D\000e\000p\000l\000o\000y\000m\000e\000n\000t\000\040\000S\000e\000t\000u\000p\000\040\000\050\000h\000o\000s\000t\000i\000n\000g\000,\000\040\000s\000e\000r\000v\000e\000r\000,\000\040\000e\000n\000v\000i\000r\000o\000n\000m\000e\000n\000t\000\051}{chapter.3}% 31
\BOOKMARK [0][-]{chapter.4}{\376\377\000I\000M\000P\000L\000E\000M\000E\000N\000T\000A\000T\000I\000O\000N\000\040\000D\000E\000T\000A\000I\000L\000S}{}% 32
\BOOKMARK [1][-]{section.4.1}{\376\377\000R\000e\000q\000u\000i\000r\000e\000m\000e\000n\000t\000s\000\040\000S\000p\000e\000c\000i\000f\000i\000c\000a\000t\000i\000o\000n\000\050\000f\000u\000n\000c\000t\000i\000o\000n\000a\000l\000/\000n\000o\000n\000-\000f\000u\000n\000c\000t\000i\000o\000n\000a\000l\000\040\000r\000e\000q\000u\000i\000r\000e\000m\000e\000n\000t\000s\000,\000\040\000c\000o\000n\000s\000t\000r\000a\000i\000n\000t\000s\000\051}{chapter.4}% 33
\BOOKMARK [1][-]{section.4.2}{\376\377\000S\000y\000s\000t\000e\000m\000\040\000O\000v\000e\000r\000v\000i\000e\000w\000\040\000\050\000D\000e\000s\000c\000r\000i\000p\000t\000i\000o\000n\000\040\000o\000f\000\040\000i\000m\000p\000l\000e\000m\000e\000n\000t\000e\000d\000\040\000s\000y\000s\000t\000e\000m\000,\000\040\000m\000a\000p\000p\000i\000n\000g\000\040\000m\000e\000t\000h\000o\000d\000o\000l\000o\000g\000y\000\040\000t\000o\000\040\000i\000m\000p\000l\000e\000m\000e\000n\000t\000a\000t\000i\000o\000n\000\051}{chapter.4}% 34
\BOOKMARK [1][-]{section.4.3}{\376\377\000D\000e\000v\000e\000l\000o\000p\000m\000e\000n\000t\000\040\000E\000n\000v\000i\000r\000o\000n\000m\000e\000n\000t\000\050\000p\000r\000o\000g\000r\000a\000m\000m\000i\000n\000g\000\040\000l\000a\000n\000g\000u\000a\000g\000e\000s\000,\000\040\000t\000o\000o\000l\000s\000,\000\040\000l\000i\000b\000r\000a\000r\000i\000e\000s\000\040\000a\000n\000d\000\040\000f\000r\000a\000m\000e\000w\000o\000r\000k\000s\000\040\000u\000s\000e\000d\000,\000\040\000h\000a\000r\000d\000w\000a\000r\000e\000\040\000a\000n\000d\000\040\000s\000o\000f\000t\000w\000a\000r\000e\000\040\000s\000p\000e\000c\000i\000f\000i\000c\000a\000t\000i\000o\000n\000s\000\051}{chapter.4}% 35
\BOOKMARK [1][-]{section.4.4}{\376\377\000S\000y\000s\000t\000e\000m\000\040\000I\000m\000p\000l\000e\000m\000e\000n\000t\000a\000t\000i\000o\000n\000\050\000d\000a\000t\000a\000/\000i\000n\000p\000u\000t\000\040\000h\000a\000n\000d\000l\000i\000n\000g\000,\000\040\000p\000r\000e\000-\000p\000r\000o\000c\000e\000s\000s\000i\000n\000g\000\040\000s\000t\000e\000p\000s\000,\000\040\000a\000l\000g\000o\000r\000i\000t\000h\000m\000\040\000i\000m\000p\000l\000e\000m\000e\000n\000t\000a\000t\000i\000o\000n\000,\000\040\000m\000o\000d\000u\000l\000e\000s\000\040\000d\000e\000s\000i\000g\000n\000\040\000a\000n\000d\000\040\000i\000n\000t\000e\000g\000r\000a\000t\000i\000o\000n\000\040\000e\000t\000c\000\051}{chapter.4}% 36
\BOOKMARK [1][-]{section.4.5}{\376\377\000I\000n\000t\000e\000r\000f\000a\000c\000e\000\040\000a\000n\000d\000\040\000V\000i\000s\000u\000a\000l\000i\000z\000a\000t\000i\000o\000n}{chapter.4}% 37
\BOOKMARK [1][-]{section.4.6}{\376\377\000D\000e\000p\000l\000o\000y\000m\000e\000n\000t\000\040\000a\000n\000d\000\040\000E\000x\000e\000c\000u\000t\000i\000o\000n\000\050\000s\000y\000s\000t\000e\000m\000\040\000s\000e\000t\000u\000p\000,\000\040\000e\000x\000e\000c\000u\000t\000i\000o\000n\000\040\000s\000t\000e\000p\000s\000,\000\040\000l\000o\000c\000a\000l\000/\000s\000e\000r\000v\000e\000r\000/\000c\000l\000o\000u\000d\000\040\000s\000e\000t\000u\000p\000\051}{chapter.4}% 38
\BOOKMARK [1][-]{section.4.7}{\376\377\000C\000h\000a\000l\000l\000e\000n\000g\000e\000s\000\040\000a\000n\000d\000\040\000S\000o\000l\000u\000t\000i\000o\000n\000s\000\050\000t\000e\000c\000h\000n\000i\000c\000a\000l\000\040\000c\000h\000a\000l\000l\000e\000n\000g\000e\000s\000\040\000f\000a\000c\000e\000d\000,\000\040\000s\000o\000l\000u\000t\000i\000o\000n\000s\000\040\000f\000o\000u\000n\000d\000\051}{chapter.4}% 39
\BOOKMARK [0][-]{chapter.5}{\376\377\000R\000E\000S\000U\000L\000T\000S\000\040\000A\000N\000D\000\040\000D\000I\000S\000C\000U\000S\000S\000I\000O\000N}{}% 40
\BOOKMARK [1][-]{section.5.1}{\376\377\000R\000e\000s\000u\000l\000t\000s}{chapter.5}% 41
\BOOKMARK [1][-]{section.5.2}{\376\377\000D\000i\000s\000c\000u\000s\000s\000i\000o\000n}{chapter.5}% 42
\BOOKMARK [1][-]{section.5.3}{\376\377\000C\000o\000m\000p\000a\000r\000a\000t\000i\000v\000e\000\040\000a\000n\000a\000l\000y\000s\000i\000s\000\050\000i\000f\000\040\000a\000p\000p\000l\000i\000c\000a\000b\000l\000e\000\051}{chapter.5}% 43
\BOOKMARK [0][-]{chapter.6}{\376\377\000C\000O\000N\000C\000L\000U\000S\000I\000O\000N\000S\000\040\000A\000N\000D\000\040\000R\000E\000C\000O\000M\000M\000E\000N\000D\000A\000T\000I\000O\000N\000S}{}% 44
\BOOKMARK [1][-]{section.6.1}{\376\377\000C\000o\000n\000c\000l\000u\000s\000i\000o\000n\000s}{chapter.6}% 45
\BOOKMARK [1][-]{section.6.2}{\376\377\000R\000e\000c\000o\000m\000m\000e\000n\000d\000a\000t\000i\000o\000n\000s\000/\000F\000u\000t\000u\000r\000e\000\040\000E\000n\000h\000a\000n\000c\000e\000m\000e\000n\000t\000s}{chapter.6}% 46
\BOOKMARK [0][-]{section.6.2}{\376\377\000R\000E\000F\000E\000R\000E\000N\000C\000E\000S}{}% 47
\BOOKMARK [0][-]{chapter*.8}{\376\377\000A\000P\000P\000E\000N\000D\000I\000C\000E\000S}{}% 48
